./src/TempPress.o: In function `MS5611_getTemp':
C:\Users\Dbr\Documents\Vivado\LAGO\LAGO_ICTP\LAGO_ICTP.sdk\LAGO_wGPS\Debug/../src/TempPress.c:58: undefined reference to `pow'
./src/TempPress.o: In function `MS5611_getPressure':
C:\Users\Dbr\Documents\Vivado\LAGO\LAGO_ICTP\LAGO_ICTP.sdk\LAGO_wGPS\Debug/../src/TempPress.c:68: undefined reference to `pow'
C:\Users\Dbr\Documents\Vivado\LAGO\LAGO_ICTP\LAGO_ICTP.sdk\LAGO_wGPS\Debug/../src/TempPress.c:69: undefined reference to `pow'
C:\Users\Dbr\Documents\Vivado\LAGO\LAGO_ICTP\LAGO_ICTP.sdk\LAGO_wGPS\Debug/../src/TempPress.c:72: undefined reference to `pow'
C:\Users\Dbr\Documents\Vivado\LAGO\LAGO_ICTP\LAGO_ICTP.sdk\LAGO_wGPS\Debug/../src/TempPress.c:73: undefined reference to `pow'
collect2.exe: error: ld returned 1 exit status
make: *** [LAGO_wGPS.elf] Error 1
14:22:49 **** Clean-only build of configuration Debug for project LAGO_wGPS ****
make clean 
rm -rf  ./src/AD7303.o ./src/DMA.o ./src/DS3231M.o ./src/GPS_TimeStamp.o ./src/Histogram.o ./src/IIC_RW.o ./src/MAX5216PM.o ./src/TempPress.o ./src/echo.o ./src/iic_phyreset.o ./src/main.o  ./src/AD7303.d ./src/DMA.d ./src/DS3231M.d ./src/GPS_TimeStamp.d ./src/Histogram.d ./src/IIC_RW.d ./src/MAX5216PM.d ./src/TempPress.d ./src/echo.d ./src/iic_phyreset.d ./src/main.d  LAGO_wGPS.elf.size  LAGO_wGPS.elf
' '
14:22:49 **** Clean-only build of project LAGO_wGPS_bsp ****
make -k clean 
make -C ps7_cortexa9_0/libsrc/axidma_v9_7/src -s clean 
make -C ps7_cortexa9_0/libsrc/comblock_v1_0/src -s clean 
rm: no se puede efectuar `lstat' sobre «*.o»: Invalid argument
make[1]: *** [clean] Error 1
make: *** [ps7_cortexa9_0/libsrc/comblock_v1_0/src/make.clean] Error 2
make -C ps7_cortexa9_0/libsrc/coresightps_dcc_v1_4/src -s clean 
make -C ps7_cortexa9_0/libsrc/cpu_cortexa9_v2_6/src -s clean 
make -C ps7_cortexa9_0/libsrc/ddrps_v1_0/src -s clean 
make -C ps7_cortexa9_0/libsrc/devcfg_v3_5/src -s clean 
make -C ps7_cortexa9_0/libsrc/dmaps_v2_3/src -s clean 
make -C ps7_cortexa9_0/libsrc/emacps_v3_7/src -s clean 
make -C ps7_cortexa9_0/libsrc/freertos10_xilinx_v1_1/src -s clean 
make -C ps7_cortexa9_0/libsrc/gpio_v4_3/src -s clean 
make -C ps7_cortexa9_0/libsrc/gpiops_v3_3/src -s clean 
make -C ps7_cortexa9_0/libsrc/iicps_v3_7/src -s clean 
make -C ps7_cortexa9_0/libsrc/lwip202_v1_1/src -s clean 
make -C ps7_cortexa9_0/libsrc/qspips_v3_4/src -s clean 
make -C ps7_cortexa9_0/libsrc/scugic_v3_9/src -s clean 
make -C ps7_cortexa9_0/libsrc/scutimer_v2_1/src -s clean 
make -C ps7_cortexa9_0/libsrc/scuwdt_v2_1/src -s clean 
make -C ps7_cortexa9_0/libsrc/sdps_v3_5/src -s clean 
make -C ps7_cortexa9_0/libsrc/uartlite_v3_2/src -s clean 
make -C ps7_cortexa9_0/libsrc/uartps_v3_6/src -s clean 
make -C ps7_cortexa9_0/libsrc/usbps_v2_4/src -s clean 
make -C ps7_cortexa9_0/libsrc/xadcps_v2_2/src -s clean 
make: Debido a los errores, el objetivo `clean' no se reconstruyó.
14:22:52 **** Build of project LAGO_wGPS_bsp ****
make -k all 
"Running Make include in ps7_cortexa9_0/libsrc/axidma_v9_7/src"
make -C ps7_cortexa9_0/libsrc/axidma_v9_7/src -s include  "SHELL=CMD" "COMPILER=arm-none-eabi-gcc" "ARCHIVER=arm-none-eabi-ar" "COMPILER_FLAGS=  -O2 -c" "EXTRA_COMPILER_FLAGS=-mcpu=cortex-a9 -mfpu=vfpv3 -mfloat-abi=hard -nostartfiles -g -Wall -Wextra"
"Running Make include in ps7_cortexa9_0/libsrc/comblock_v1_0/src"
make -C ps7_cortexa9_0/libsrc/comblock_v1_0/src -s include  "SHELL=CMD" "COMPILER=arm-none-eabi-gcc" "ARCHIVER=arm-none-eabi-ar" "COMPILER_FLAGS=  -O2 -c" "EXTRA_COMPILER_FLAGS=-mcpu=cortex-a9 -mfpu=vfpv3 -mfloat-abi=hard -nostartfiles -g -Wall -Wextra"
"Running Make include in ps7_cortexa9_0/libsrc/coresightps_dcc_v1_4/src"
make -C ps7_cortexa9_0/libsrc/coresightps_dcc_v1_4/src -s include  "SHELL=CMD" "COMPILER=arm-none-eabi-gcc" "ARCHIVER=arm-none-eabi-ar" "COMPILER_FLAGS=  -O2 -c" "EXTRA_COMPILER_FLAGS=-mcpu=cortex-a9 -mfpu=vfpv3 -mfloat-abi=hard -nostartfiles -g -Wall -Wextra"
"Running Make include in ps7_cortexa9_0/libsrc/cpu_cortexa9_v2_6/src"
make -C ps7_cortexa9_0/libsrc/cpu_cortexa9_v2_6/src -s include  "SHELL=CMD" "COMPILER=arm-none-eabi-gcc" "ARCHIVER=arm-none-eabi-ar" "COMPILER_FLAGS=  -O2 -c" "EXTRA_COMPILER_FLAGS=-mcpu=cortex-a9 -mfpu=vfpv3 -mfloat-abi=hard -nostartfiles -g -Wall -Wextra"
"Running Make include in ps7_cortexa9_0/libsrc/ddrps_v1_0/src"
make -C ps7_cortexa9_0/libsrc/ddrps_v1_0/src -s include  "SHELL=CMD" "COMPILER=arm-none-eabi-gcc" "ARCHIVER=arm-none-eabi-ar" "COMPILER_FLAGS=  -O2 -c" "EXTRA_COMPILER_FLAGS=-mcpu=cortex-a9 -mfpu=vfpv3 -mfloat-abi=hard -nostartfiles -g -Wall -Wextra"
"Running Make include in ps7_cortexa9_0/libsrc/devcfg_v3_5/src"
make -C ps7_cortexa9_0/libsrc/devcfg_v3_5/src -s include  "SHELL=CMD" "COMPILER=arm-none-eabi-gcc" "ARCHIVER=arm-none-eabi-ar" "COMPILER_FLAGS=  -O2 -c" "EXTRA_COMPILER_FLAGS=-mcpu=cortex-a9 -mfpu=vfpv3 -mfloat-abi=hard -nostartfiles -g -Wall -Wextra"
"Running Make include in ps7_cortexa9_0/libsrc/dmaps_v2_3/src"
make -C ps7_cortexa9_0/libsrc/dmaps_v2_3/src -s include  "SHELL=CMD" "COMPILER=arm-none-eabi-gcc" "ARCHIVER=arm-none-eabi-ar" "COMPILER_FLAGS=  -O2 -c" "EXTRA_COMPILER_FLAGS=-mcpu=cortex-a9 -mfpu=vfpv3 -mfloat-abi=hard -nostartfiles -g -Wall -Wextra"
"Running Make include in ps7_cortexa9_0/libsrc/emacps_v3_7/src"
make -C ps7_cortexa9_0/libsrc/emacps_v3_7/src -s include  "SHELL=CMD" "COMPILER=arm-none-eabi-gcc" "ARCHIVER=arm-none-eabi-ar" "COMPILER_FLAGS=  -O2 -c" "EXTRA_COMPILER_FLAGS=-mcpu=cortex-a9 -mfpu=vfpv3 -mfloat-abi=hard -nostartfiles -g -Wall -Wextra"
"Running Make include in ps7_cortexa9_0/libsrc/freertos10_xilinx_v1_1/src"
make -C ps7_cortexa9_0/libsrc/freertos10_xilinx_v1_1/src -s include  "SHELL=CMD" "COMPILER=arm-none-eabi-gcc" "ARCHIVER=arm-none-eabi-ar" "COMPILER_FLAGS=  -O2 -c" "EXTRA_COMPILER_FLAGS=-mcpu=cortex-a9 -mfpu=vfpv3 -mfloat-abi=hard -nostartfiles -g -Wall -Wextra"
"include"
"Running Make include in ps7_cortexa9_0/libsrc/gpio_v4_3/src"
make -C ps7_cortexa9_0/libsrc/gpio_v4_3/src -s include  "SHELL=CMD" "COMPILER=arm-none-eabi-gcc" "ARCHIVER=arm-none-eabi-ar" "COMPILER_FLAGS=  -O2 -c" "EXTRA_COMPILER_FLAGS=-mcpu=cortex-a9 -mfpu=vfpv3 -mfloat-abi=hard -nostartfiles -g -Wall -Wextra"
"Running Make include in ps7_cortexa9_0/libsrc/gpiops_v3_3/src"
make -C ps7_cortexa9_0/libsrc/gpiops_v3_3/src -s include  "SHELL=CMD" "COMPILER=arm-none-eabi-gcc" "ARCHIVER=arm-none-eabi-ar" "COMPILER_FLAGS=  -O2 -c" "EXTRA_COMPILER_FLAGS=-mcpu=cortex-a9 -mfpu=vfpv3 -mfloat-abi=hard -nostartfiles -g -Wall -Wextra"
"Running Make include in ps7_cortexa9_0/libsrc/iicps_v3_7/src"
make -C ps7_cortexa9_0/libsrc/iicps_v3_7/src -s include  "SHELL=CMD" "COMPILER=arm-none-eabi-gcc" "ARCHIVER=arm-none-eabi-ar" "COMPILER_FLAGS=  -O2 -c" "EXTRA_COMPILER_FLAGS=-mcpu=cortex-a9 -mfpu=vfpv3 -mfloat-abi=hard -nostartfiles -g -Wall -Wextra"
"Running Make include in ps7_cortexa9_0/libsrc/lwip202_v1_1/src"
make -C ps7_cortexa9_0/libsrc/lwip202_v1_1/src -s include  "SHELL=CMD" "COMPILER=arm-none-eabi-gcc" "ARCHIVER=arm-none-eabi-ar" "COMPILER_FLAGS=  -O2 -c" "EXTRA_COMPILER_FLAGS=-mcpu=cortex-a9 -mfpu=vfpv3 -mfloat-abi=hard -nostartfiles -g -Wall -Wextra"
"Running Make include in ps7_cortexa9_0/libsrc/qspips_v3_4/src"
make -C ps7_cortexa9_0/libsrc/qspips_v3_4/src -s include  "SHELL=CMD" "COMPILER=arm-none-eabi-gcc" "ARCHIVER=arm-none-eabi-ar" "COMPILER_FLAGS=  -O2 -c" "EXTRA_COMPILER_FLAGS=-mcpu=cortex-a9 -mfpu=vfpv3 -mfloat-abi=hard -nostartfiles -g -Wall -Wextra"
"Running Make include in ps7_cortexa9_0/libsrc/scugic_v3_9/src"
make -C ps7_cortexa9_0/libsrc/scugic_v3_9/src -s include  "SHELL=CMD" "COMPILER=arm-none-eabi-gcc" "ARCHIVER=arm-none-eabi-ar" "COMPILER_FLAGS=  -O2 -c" "EXTRA_COMPILER_FLAGS=-mcpu=cortex-a9 -mfpu=vfpv3 -mfloat-abi=hard -nostartfiles -g -Wall -Wextra"
"Running Make include in ps7_cortexa9_0/libsrc/scutimer_v2_1/src"
make -C ps7_cortexa9_0/libsrc/scutimer_v2_1/src -s include  "SHELL=CMD" "COMPILER=arm-none-eabi-gcc" "ARCHIVER=arm-none-eabi-ar" "COMPILER_FLAGS=  -O2 -c" "EXTRA_COMPILER_FLAGS=-mcpu=cortex-a9 -mfpu=vfpv3 -mfloat-abi=hard -nostartfiles -g -Wall -Wextra"
"Running Make include in ps7_cortexa9_0/libsrc/scuwdt_v2_1/src"
make -C ps7_cortexa9_0/libsrc/scuwdt_v2_1/src -s include  "SHELL=CMD" "COMPILER=arm-none-eabi-gcc" "ARCHIVER=arm-none-eabi-ar" "COMPILER_FLAGS=  -O2 -c" "EXTRA_COMPILER_FLAGS=-mcpu=cortex-a9 -mfpu=vfpv3 -mfloat-abi=hard -nostartfiles -g -Wall -Wextra"
"Running Make include in ps7_cortexa9_0/libsrc/sdps_v3_5/src"
make -C ps7_cortexa9_0/libsrc/sdps_v3_5/src -s include  "SHELL=CMD" "COMPILER=arm-none-eabi-gcc" "ARCHIVER=arm-none-eabi-ar" "COMPILER_FLAGS=  -O2 -c" "EXTRA_COMPILER_FLAGS=-mcpu=cortex-a9 -mfpu=vfpv3 -mfloat-abi=hard -nostartfiles -g -Wall -Wextra"
"Running Make include in ps7_cortexa9_0/libsrc/uartlite_v3_2/src"
make -C ps7_cortexa9_0/libsrc/uartlite_v3_2/src -s include  "SHELL=CMD" "COMPILER=arm-none-eabi-gcc" "ARCHIVER=arm-none-eabi-ar" "COMPILER_FLAGS=  -O2 -c" "EXTRA_COMPILER_FLAGS=-mcpu=cortex-a9 -mfpu=vfpv3 -mfloat-abi=hard -nostartfiles -g -Wall -Wextra"
"Running Make include in ps7_cortexa9_0/libsrc/uartps_v3_6/src"
make -C ps7_cortexa9_0/libsrc/uartps_v3_6/src -s include  "SHELL=CMD" "COMPILER=arm-none-eabi-gcc" "ARCHIVER=arm-none-eabi-ar" "COMPILER_FLAGS=  -O2 -c" "EXTRA_COMPILER_FLAGS=-mcpu=cortex-a9 -mfpu=vfpv3 -mfloat-abi=hard -nostartfiles -g -Wall -Wextra"
"Running Make include in ps7_cortexa9_0/libsrc/usbps_v2_4/src"
make -C ps7_cortexa9_0/libsrc/usbps_v2_4/src -s include  "SHELL=CMD" "COMPILER=arm-none-eabi-gcc" "ARCHIVER=arm-none-eabi-ar" "COMPILER_FLAGS=  -O2 -c" "EXTRA_COMPILER_FLAGS=-mcpu=cortex-a9 -mfpu=vfpv3 -mfloat-abi=hard -nostartfiles -g -Wall -Wextra"
"Running Make include in ps7_cortexa9_0/libsrc/xadcps_v2_2/src"
make -C ps7_cortexa9_0/libsrc/xadcps_v2_2/src -s include  "SHELL=CMD" "COMPILER=arm-none-eabi-gcc" "ARCHIVER=arm-none-eabi-ar" "COMPILER_FLAGS=  -O2 -c" "EXTRA_COMPILER_FLAGS=-mcpu=cortex-a9 -mfpu=vfpv3 -mfloat-abi=hard -nostartfiles -g -Wall -Wextra"
"Running Make libs in ps7_cortexa9_0/libsrc/axidma_v9_7/src"
make -C ps7_cortexa9_0/libsrc/axidma_v9_7/src -s libs  "SHELL=CMD" "COMPILER=arm-none-eabi-gcc" "ARCHIVER=arm-none-eabi-ar" "COMPILER_FLAGS=  -O2 -c" "EXTRA_COMPILER_FLAGS=-mcpu=cortex-a9 -mfpu=vfpv3 -mfloat-abi=hard -nostartfiles -g -Wall -Wextra"
"Compiling axidma"
"Running Make libs in ps7_cortexa9_0/libsrc/comblock_v1_0/src"
make -C ps7_cortexa9_0/libsrc/comblock_v1_0/src -s libs  "SHELL=CMD" "COMPILER=arm-none-eabi-gcc" "ARCHIVER=arm-none-eabi-ar" "COMPILER_FLAGS=  -O2 -c" "EXTRA_COMPILER_FLAGS=-mcpu=cortex-a9 -mfpu=vfpv3 -mfloat-abi=hard -nostartfiles -g -Wall -Wextra"
"Compiling comblock..."
comblock_selftest.c: In function 'COMBLOCK_Reg_SelfTest':
comblock_selftest.c:52:57: warning: comparison between signed and unsigned integer expressions [-Wsign-compare]
    if ( COMBLOCK_mReadReg (baseaddr, read_loop_index*4) != (read_loop_index+1)*READ_WRITE_MUL_FACTOR){
                                                         ^~
comblock_selftest.c:36:6: warning: unused variable 'Index' [-Wunused-variable]
  int Index;
      ^~~~~
"Running Make libs in ps7_cortexa9_0/libsrc/coresightps_dcc_v1_4/src"
make -C ps7_cortexa9_0/libsrc/coresightps_dcc_v1_4/src -s libs  "SHELL=CMD" "COMPILER=arm-none-eabi-gcc" "ARCHIVER=arm-none-eabi-ar" "COMPILER_FLAGS=  -O2 -c" "EXTRA_COMPILER_FLAGS=-mcpu=cortex-a9 -mfpu=vfpv3 -mfloat-abi=hard -nostartfiles -g -Wall -Wextra"
"Compiling coresightps_dcc"
"Running Make libs in ps7_cortexa9_0/libsrc/cpu_cortexa9_v2_6/src"
make -C ps7_cortexa9_0/libsrc/cpu_cortexa9_v2_6/src -s libs  "SHELL=CMD" "COMPILER=arm-none-eabi-gcc" "ARCHIVER=arm-none-eabi-ar" "COMPILER_FLAGS=  -O2 -c" "EXTRA_COMPILER_FLAGS=-mcpu=cortex-a9 -mfpu=vfpv3 -mfloat-abi=hard -nostartfiles -g -Wall -Wextra"
"Compiling cpu_cortexa9"
"Running Make libs in ps7_cortexa9_0/libsrc/ddrps_v1_0/src"
make -C ps7_cortexa9_0/libsrc/ddrps_v1_0/src -s libs  "SHELL=CMD" "COMPILER=arm-none-eabi-gcc" "ARCHIVER=arm-none-eabi-ar" "COMPILER_FLAGS=  -O2 -c" "EXTRA_COMPILER_FLAGS=-mcpu=cortex-a9 -mfpu=vfpv3 -mfloat-abi=hard -nostartfiles -g -Wall -Wextra"
"Compiling ddrps"
"Running Make libs in ps7_cortexa9_0/libsrc/devcfg_v3_5/src"
make -C ps7_cortexa9_0/libsrc/devcfg_v3_5/src -s libs  "SHELL=CMD" "COMPILER=arm-none-eabi-gcc" "ARCHIVER=arm-none-eabi-ar" "COMPILER_FLAGS=  -O2 -c" "EXTRA_COMPILER_FLAGS=-mcpu=cortex-a9 -mfpu=vfpv3 -mfloat-abi=hard -nostartfiles -g -Wall -Wextra"
"Compiling devcfg"
"Running Make libs in ps7_cortexa9_0/libsrc/dmaps_v2_3/src"
make -C ps7_cortexa9_0/libsrc/dmaps_v2_3/src -s libs  "SHELL=CMD" "COMPILER=arm-none-eabi-gcc" "ARCHIVER=arm-none-eabi-ar" "COMPILER_FLAGS=  -O2 -c" "EXTRA_COMPILER_FLAGS=-mcpu=cortex-a9 -mfpu=vfpv3 -mfloat-abi=hard -nostartfiles -g -Wall -Wextra"
"Compiling dmaps"
"Running Make libs in ps7_cortexa9_0/libsrc/emacps_v3_7/src"
make -C ps7_cortexa9_0/libsrc/emacps_v3_7/src -s libs  "SHELL=CMD" "COMPILER=arm-none-eabi-gcc" "ARCHIVER=arm-none-eabi-ar" "COMPILER_FLAGS=  -O2 -c" "EXTRA_COMPILER_FLAGS=-mcpu=cortex-a9 -mfpu=vfpv3 -mfloat-abi=hard -nostartfiles -g -Wall -Wextra"
"Compiling emacps"
"Running Make libs in ps7_cortexa9_0/libsrc/freertos10_xilinx_v1_1/src"
make -C ps7_cortexa9_0/libsrc/freertos10_xilinx_v1_1/src -s libs  "SHELL=CMD" "COMPILER=arm-none-eabi-gcc" "ARCHIVER=arm-none-eabi-ar" "COMPILER_FLAGS=  -O2 -c" "EXTRA_COMPILER_FLAGS=-mcpu=cortex-a9 -mfpu=vfpv3 -mfloat-abi=hard -nostartfiles -g -Wall -Wextra"
"Compiling standalone"
"Compiling FreeRTOS"
"Running Make libs in ps7_cortexa9_0/libsrc/gpio_v4_3/src"
make -C ps7_cortexa9_0/libsrc/gpio_v4_3/src -s libs  "SHELL=CMD" "COMPILER=arm-none-eabi-gcc" "ARCHIVER=arm-none-eabi-ar" "COMPILER_FLAGS=  -O2 -c" "EXTRA_COMPILER_FLAGS=-mcpu=cortex-a9 -mfpu=vfpv3 -mfloat-abi=hard -nostartfiles -g -Wall -Wextra"
"Compiling gpio"
"Running Make libs in ps7_cortexa9_0/libsrc/gpiops_v3_3/src"
make -C ps7_cortexa9_0/libsrc/gpiops_v3_3/src -s libs  "SHELL=CMD" "COMPILER=arm-none-eabi-gcc" "ARCHIVER=arm-none-eabi-ar" "COMPILER_FLAGS=  -O2 -c" "EXTRA_COMPILER_FLAGS=-mcpu=cortex-a9 -mfpu=vfpv3 -mfloat-abi=hard -nostartfiles -g -Wall -Wextra"
"Compiling gpiops"
"Running Make libs in ps7_cortexa9_0/libsrc/iicps_v3_7/src"
make -C ps7_cortexa9_0/libsrc/iicps_v3_7/src -s libs  "SHELL=CMD" "COMPILER=arm-none-eabi-gcc" "ARCHIVER=arm-none-eabi-ar" "COMPILER_FLAGS=  -O2 -c" "EXTRA_COMPILER_FLAGS=-mcpu=cortex-a9 -mfpu=vfpv3 -mfloat-abi=hard -nostartfiles -g -Wall -Wextra"
"Compiling iicps"
"Running Make libs in ps7_cortexa9_0/libsrc/lwip202_v1_1/src"
make -C ps7_cortexa9_0/libsrc/lwip202_v1_1/src -s libs  "SHELL=CMD" "COMPILER=arm-none-eabi-gcc" "ARCHIVER=arm-none-eabi-ar" "COMPILER_FLAGS=  -O2 -c" "EXTRA_COMPILER_FLAGS=-mcpu=cortex-a9 -mfpu=vfpv3 -mfloat-abi=hard -nostartfiles -g -Wall -Wextra"
"Compiling lwip src and adapter files"
lwip-2.0.2/src/core/tcp.c: In function 'tcp_recved':
lwip-2.0.2/src/core/tcp.c:798:20: warning: comparison is always false due to limited range of data type [-Wtype-limits]
   if (pcb->rcv_wnd > TCP_WND_MAX(pcb)) {
                    ^
contrib/ports/xilinx/netif/xemacpsif.c: In function 'xemacpsif_init':
contrib/ports/xilinx/netif/xemacpsif.c:728:16: warning: assignment from incompatible pointer type [-Wincompatible-pointer-types]
  netif->output = xemacpsif_output;
                ^
In file included from ../../../include/xemacps.h:350:0,
                 from ../../../include/netif/xemacpsif.h:59,
                 from contrib/ports/xilinx/netif/xemacpsif_dma.c:39:
contrib/ports/xilinx/netif/xemacpsif_dma.c: In function 'init_dma':
../../../include/xemacps_hw.h:603:23: warning: 'bdrxterminate' may be used uninitialized in this function [-Wmaybe-uninitialized]
 #define XEmacPs_Out32 Xil_Out32
                       ^~~~~~~~~
contrib/ports/xilinx/netif/xemacpsif_dma.c:558:14: note: 'bdrxterminate' was declared here
  XEmacPs_Bd *bdrxterminate;
              ^~~~~~~~~~~~~
In file included from ../../../include/xemacps.h:351:0,
                 from ../../../include/netif/xemacpsif.h:59,
                 from contrib/ports/xilinx/netif/xemacpsif_dma.c:39:
../../../include/xemacps_bd.h:144:12: warning: 'bdtxterminate' may be used uninitialized in this function [-Wmaybe-uninitialized]
  (*(u32 *)((UINTPTR)((void*)(BaseAddress)) + (u32)(Offset)))
            ^
contrib/ports/xilinx/netif/xemacpsif_dma.c:557:14: note: 'bdtxterminate' was declared here
  XEmacPs_Bd *bdtxterminate;
              ^~~~~~~~~~~~~
"Running Make libs in ps7_cortexa9_0/libsrc/qspips_v3_4/src"
make -C ps7_cortexa9_0/libsrc/qspips_v3_4/src -s libs  "SHELL=CMD" "COMPILER=arm-none-eabi-gcc" "ARCHIVER=arm-none-eabi-ar" "COMPILER_FLAGS=  -O2 -c" "EXTRA_COMPILER_FLAGS=-mcpu=cortex-a9 -mfpu=vfpv3 -mfloat-abi=hard -nostartfiles -g -Wall -Wextra"
"Compiling qspips"
"Running Make libs in ps7_cortexa9_0/libsrc/scugic_v3_9/src"
make -C ps7_cortexa9_0/libsrc/scugic_v3_9/src -s libs  "SHELL=CMD" "COMPILER=arm-none-eabi-gcc" "ARCHIVER=arm-none-eabi-ar" "COMPILER_FLAGS=  -O2 -c" "EXTRA_COMPILER_FLAGS=-mcpu=cortex-a9 -mfpu=vfpv3 -mfloat-abi=hard -nostartfiles -g -Wall -Wextra"
"Compiling scugic"
"Running Make libs in ps7_cortexa9_0/libsrc/scutimer_v2_1/src"
make -C ps7_cortexa9_0/libsrc/scutimer_v2_1/src -s libs  "SHELL=CMD" "COMPILER=arm-none-eabi-gcc" "ARCHIVER=arm-none-eabi-ar" "COMPILER_FLAGS=  -O2 -c" "EXTRA_COMPILER_FLAGS=-mcpu=cortex-a9 -mfpu=vfpv3 -mfloat-abi=hard -nostartfiles -g -Wall -Wextra"
"Compiling scutimer"
"Running Make libs in ps7_cortexa9_0/libsrc/scuwdt_v2_1/src"
make -C ps7_cortexa9_0/libsrc/scuwdt_v2_1/src -s libs  "SHELL=CMD" "COMPILER=arm-none-eabi-gcc" "ARCHIVER=arm-none-eabi-ar" "COMPILER_FLAGS=  -O2 -c" "EXTRA_COMPILER_FLAGS=-mcpu=cortex-a9 -mfpu=vfpv3 -mfloat-abi=hard -nostartfiles -g -Wall -Wextra"
"Compiling scuwdt"
"Running Make libs in ps7_cortexa9_0/libsrc/sdps_v3_5/src"
make -C ps7_cortexa9_0/libsrc/sdps_v3_5/src -s libs  "SHELL=CMD" "COMPILER=arm-none-eabi-gcc" "ARCHIVER=arm-none-eabi-ar" "COMPILER_FLAGS=  -O2 -c" "EXTRA_COMPILER_FLAGS=-mcpu=cortex-a9 -mfpu=vfpv3 -mfloat-abi=hard -nostartfiles -g -Wall -Wextra"
"Compiling sdps"
"Running Make libs in ps7_cortexa9_0/libsrc/uartlite_v3_2/src"
make -C ps7_cortexa9_0/libsrc/uartlite_v3_2/src -s libs  "SHELL=CMD" "COMPILER=arm-none-eabi-gcc" "ARCHIVER=arm-none-eabi-ar" "COMPILER_FLAGS=  -O2 -c" "EXTRA_COMPILER_FLAGS=-mcpu=cortex-a9 -mfpu=vfpv3 -mfloat-abi=hard -nostartfiles -g -Wall -Wextra"
"Compiling uartlite"
"Running Make libs in ps7_cortexa9_0/libsrc/uartps_v3_6/src"
make -C ps7_cortexa9_0/libsrc/uartps_v3_6/src -s libs  "SHELL=CMD" "COMPILER=arm-none-eabi-gcc" "ARCHIVER=arm-none-eabi-ar" "COMPILER_FLAGS=  -O2 -c" "EXTRA_COMPILER_FLAGS=-mcpu=cortex-a9 -mfpu=vfpv3 -mfloat-abi=hard -nostartfiles -g -Wall -Wextra"
"Compiling uartps"
"Running Make libs in ps7_cortexa9_0/libsrc/usbps_v2_4/src"
make -C ps7_cortexa9_0/libsrc/usbps_v2_4/src -s libs  "SHELL=CMD" "COMPILER=arm-none-eabi-gcc" "ARCHIVER=arm-none-eabi-ar" "COMPILER_FLAGS=  -O2 -c" "EXTRA_COMPILER_FLAGS=-mcpu=cortex-a9 -mfpu=vfpv3 -mfloat-abi=hard -nostartfiles -g -Wall -Wextra"
"Compiling usbps"
"Running Make libs in ps7_cortexa9_0/libsrc/xadcps_v2_2/src"
make -C ps7_cortexa9_0/libsrc/xadcps_v2_2/src -s libs  "SHELL=CMD" "COMPILER=arm-none-eabi-gcc" "ARCHIVER=arm-none-eabi-ar" "COMPILER_FLAGS=  -O2 -c" "EXTRA_COMPILER_FLAGS=-mcpu=cortex-a9 -mfpu=vfpv3 -mfloat-abi=hard -nostartfiles -g -Wall -Wextra"
"Compiling xadcps"
'Finished building libraries'
14:24:11 **** Build of configuration Debug for project LAGO_wGPS ****
make pre-build main-build 
a9-linaro-pre-build-step
' '
'Building file: ../src/AD7303.c'
'Invoking: ARM v7 gcc compiler'
arm-none-eabi-gcc -Wall -O0 -g3 -c -fmessage-length=0 -MT"src/AD7303.o" -mcpu=cortex-a9 -mfpu=vfpv3 -mfloat-abi=hard -I../../LAGO_wGPS_bsp/ps7_cortexa9_0/include -MMD -MP -MF"src/AD7303.d" -MT"src/AD7303.o" -o "src/AD7303.o" "../src/AD7303.c"
../src/AD7303.c: In function 'set_DAC_value':
../src/AD7303.c:15:5: warning: variable 'debug' set but not used [-Wunused-but-set-variable]
 u32 debug=0;
     ^~~~~
'Finished building: ../src/AD7303.c'
' '
'Building file: ../src/DMA.c'
'Invoking: ARM v7 gcc compiler'
arm-none-eabi-gcc -Wall -O0 -g3 -c -fmessage-length=0 -MT"src/DMA.o" -mcpu=cortex-a9 -mfpu=vfpv3 -mfloat-abi=hard -I../../LAGO_wGPS_bsp/ps7_cortexa9_0/include -MMD -MP -MF"src/DMA.d" -MT"src/DMA.o" -o "src/DMA.o" "../src/DMA.c"
../src/DMA.c: In function 'CheckData':
../src/DMA.c:125:6: warning: unused variable 'len' [-Wunused-variable]
  int len = 1024;
      ^~~
'Finished building: ../src/DMA.c'
' '
'Building file: ../src/DS3231M.c'
'Invoking: ARM v7 gcc compiler'
arm-none-eabi-gcc -Wall -O0 -g3 -c -fmessage-length=0 -MT"src/DS3231M.o" -mcpu=cortex-a9 -mfpu=vfpv3 -mfloat-abi=hard -I../../LAGO_wGPS_bsp/ps7_cortexa9_0/include -MMD -MP -MF"src/DS3231M.d" -MT"src/DS3231M.o" -o "src/DS3231M.o" "../src/DS3231M.c"
../src/DS3231M.c: In function 'DS3231M_set_reg':
../src/DS3231M.c:18:47: warning: passing argument 3 of 'xI2C_Write' from incompatible pointer type [-Wincompatible-pointer-types]
  int state=xI2C_Write(I2C_DeviceNr, SlaveAdr, &iic_dat, 2);
                                               ^
In file included from ../src/DS3231M.c:9:0:
../src/IIC_RW.h:22:5: note: expected 'unsigned char *' but argument is of type 'u8 (*)[2] {aka unsigned char (*)[2]}'
 int xI2C_Write (int I2cDevId, int SlaveAdr, unsigned char *p, int len);
     ^~~~~~~~~~
'Finished building: ../src/DS3231M.c'
' '
'Building file: ../src/GPS_TimeStamp.c'
'Invoking: ARM v7 gcc compiler'
arm-none-eabi-gcc -Wall -O0 -g3 -c -fmessage-length=0 -MT"src/GPS_TimeStamp.o" -mcpu=cortex-a9 -mfpu=vfpv3 -mfloat-abi=hard -I../../LAGO_wGPS_bsp/ps7_cortexa9_0/include -MMD -MP -MF"src/GPS_TimeStamp.d" -MT"src/GPS_TimeStamp.o" -o "src/GPS_TimeStamp.o" "../src/GPS_TimeStamp.c"
'Finished building: ../src/GPS_TimeStamp.c'
' '
'Building file: ../src/Histogram.c'
'Invoking: ARM v7 gcc compiler'
arm-none-eabi-gcc -Wall -O0 -g3 -c -fmessage-length=0 -MT"src/Histogram.o" -mcpu=cortex-a9 -mfpu=vfpv3 -mfloat-abi=hard -I../../LAGO_wGPS_bsp/ps7_cortexa9_0/include -MMD -MP -MF"src/Histogram.d" -MT"src/Histogram.o" -o "src/Histogram.o" "../src/Histogram.c"
'Finished building: ../src/Histogram.c'
' '
'Building file: ../src/IIC_RW.c'
'Invoking: ARM v7 gcc compiler'
arm-none-eabi-gcc -Wall -O0 -g3 -c -fmessage-length=0 -MT"src/IIC_RW.o" -mcpu=cortex-a9 -mfpu=vfpv3 -mfloat-abi=hard -I../../LAGO_wGPS_bsp/ps7_cortexa9_0/include -MMD -MP -MF"src/IIC_RW.d" -MT"src/IIC_RW.o" -o "src/IIC_RW.o" "../src/IIC_RW.c"
'Finished building: ../src/IIC_RW.c'
' '
'Building file: ../src/MAX5216PM.c'
'Invoking: ARM v7 gcc compiler'
arm-none-eabi-gcc -Wall -O0 -g3 -c -fmessage-length=0 -MT"src/MAX5216PM.o" -mcpu=cortex-a9 -mfpu=vfpv3 -mfloat-abi=hard -I../../LAGO_wGPS_bsp/ps7_cortexa9_0/include -MMD -MP -MF"src/MAX5216PM.d" -MT"src/MAX5216PM.o" -o "src/MAX5216PM.o" "../src/MAX5216PM.c"
'Finished building: ../src/MAX5216PM.c'
' '
'Building file: ../src/TempPress.c'
'Invoking: ARM v7 gcc compiler'
arm-none-eabi-gcc -Wall -O0 -g3 -c -fmessage-length=0 -MT"src/TempPress.o" -mcpu=cortex-a9 -mfpu=vfpv3 -mfloat-abi=hard -I../../LAGO_wGPS_bsp/ps7_cortexa9_0/include -MMD -MP -MF"src/TempPress.d" -MT"src/TempPress.o" -o "src/TempPress.o" "../src/TempPress.c"
../src/TempPress.c: In function 'ADT420_read':
../src/TempPress.c:18:57: warning: passing argument 5 of 'xI2C_WrRd' from incompatible pointer type [-Wincompatible-pointer-types]
        int state=xI2C_WrRd(I2cDevId, SlaveAdr ,&adr, 1, &data, 2);
                                                         ^
In file included from ../src/TempPress.h:11:0,
                 from ../src/TempPress.c:7:
../src/IIC_RW.h:21:5: note: expected 'unsigned char *' but argument is of type 'unsigned char (*)[2]'
 int xI2C_WrRd (int I2cDevId, int SlaveAdr, unsigned char *p, int len, unsigned char *pRd, int lenRd);
     ^~~~~~~~~
'Finished building: ../src/TempPress.c'
' '
'Building file: ../src/echo.c'
'Invoking: ARM v7 gcc compiler'
arm-none-eabi-gcc -Wall -O0 -g3 -c -fmessage-length=0 -MT"src/echo.o" -mcpu=cortex-a9 -mfpu=vfpv3 -mfloat-abi=hard -I../../LAGO_wGPS_bsp/ps7_cortexa9_0/include -MMD -MP -MF"src/echo.d" -MT"src/echo.o" -o "src/echo.o" "../src/echo.c"
../src/echo.c: In function 'process_echo_request':
../src/echo.c:136:5: warning: unused variable 'depth' [-Wunused-variable]
  u8 depth=0;
     ^~~~~
In file included from ../src/echo.c:37:0:
../src/echo.c: At top level:
../src/DMA.h:55:12: warning: 'CheckData' declared 'static' but never defined [-Wunused-function]
 static int CheckData(void);
            ^~~~~~~~~
'Finished building: ../src/echo.c'
' '
'Building file: ../src/iic_phyreset.c'
'Invoking: ARM v7 gcc compiler'
arm-none-eabi-gcc -Wall -O0 -g3 -c -fmessage-length=0 -MT"src/iic_phyreset.o" -mcpu=cortex-a9 -mfpu=vfpv3 -mfloat-abi=hard -I../../LAGO_wGPS_bsp/ps7_cortexa9_0/include -MMD -MP -MF"src/iic_phyreset.d" -MT"src/iic_phyreset.o" -o "src/iic_phyreset.o" "../src/iic_phyreset.c"
'Finished building: ../src/iic_phyreset.c'
' '
'Building file: ../src/main.c'
'Invoking: ARM v7 gcc compiler'
arm-none-eabi-gcc -Wall -O0 -g3 -c -fmessage-length=0 -MT"src/main.o" -mcpu=cortex-a9 -mfpu=vfpv3 -mfloat-abi=hard -I../../LAGO_wGPS_bsp/ps7_cortexa9_0/include -MMD -MP -MF"src/main.d" -MT"src/main.o" -o "src/main.o" "../src/main.c"
../src/main.c: In function 'main':
../src/main.c:196:59: warning: passing argument 5 of 'xI2C_WrRd' from incompatible pointer type [-Wincompatible-pointer-types]
    state=xI2C_WrRd (I2C_DeviceNr, MS5611_addr, &adr, 1,   &C, 2);
                                                           ^
In file included from ../src/main.c:48:0:
../src/IIC_RW.h:21:5: note: expected 'unsigned char *' but argument is of type 'unsigned char (*)[2]'
 int xI2C_WrRd (int I2cDevId, int SlaveAdr, unsigned char *p, int len, unsigned char *pRd, int lenRd);
     ^~~~~~~~~
../src/main.c:247:3: warning: implicit declaration of function 'dac_init'; did you mean 'udp_init'? [-Wimplicit-function-declaration]
   dac_init();
   ^~~~~~~~
   udp_init
../src/main.c:186:6: warning: unused variable 'iic_dat' [-Wunused-variable]
   u8 iic_dat[2];
      ^~~~~~~
'Finished building: ../src/main.c'
' '
'Building target: LAGO_wGPS.elf'
'Invoking: ARM v7 gcc linker'
arm-none-eabi-gcc -mcpu=cortex-a9 -mfpu=vfpv3 -mfloat-abi=hard -Wl,-build-id=none -specs=Xilinx.spec -Wl,-T -Wl,../src/lscript.ld -L../../LAGO_wGPS_bsp/ps7_cortexa9_0/lib -o "LAGO_wGPS.elf"  ./src/AD7303.o ./src/DMA.o ./src/DS3231M.o ./src/GPS_TimeStamp.o ./src/Histogram.o ./src/IIC_RW.o ./src/MAX5216PM.o ./src/TempPress.o ./src/echo.o ./src/iic_phyreset.o ./src/main.o   -Wl,--start-group,-lxil,-lfreertos,-lgcc,-lc,--end-group -Wl,--start-group,-lxil,-llwip4,-lgcc,-lc,--end-group
./src/TempPress.o: In function `MS5611_getTemp':
C:\Users\Dbr\Documents\Vivado\LAGO\LAGO_ICTP\LAGO_ICTP.sdk\LAGO_wGPS\Debug/../src/TempPress.c:58: undefined reference to `pow'
./src/TempPress.o: In function `MS5611_getPressure':
C:\Users\Dbr\Documents\Vivado\LAGO\LAGO_ICTP\LAGO_ICTP.sdk\LAGO_wGPS\Debug/../src/TempPress.c:68: undefined reference to `pow'
C:\Users\Dbr\Documents\Vivado\LAGO\LAGO_ICTP\LAGO_ICTP.sdk\LAGO_wGPS\Debug/../src/TempPress.c:69: undefined reference to `pow'
C:\Users\Dbr\Documents\Vivado\LAGO\LAGO_ICTP\LAGO_ICTP.sdk\LAGO_wGPS\Debug/../src/TempPress.c:72: undefined reference to `pow'
C:\Users\Dbr\Documents\Vivado\LAGO\LAGO_ICTP\LAGO_ICTP.sdk\LAGO_wGPS\Debug/../src/TempPress.c:73: undefined reference to `pow'
collect2.exe: error: ld returned 1 exit status
make: *** [LAGO_wGPS.elf] Error 1
14:25:54 **** Clean-only build of configuration Debug for project LAGO_wGPS ****
make clean 
rm -rf  ./src/AD7303.o ./src/DMA.o ./src/DS3231M.o ./src/GPS_TimeStamp.o ./src/Histogram.o ./src/IIC_RW.o ./src/MAX5216PM.o ./src/TempPress.o ./src/echo.o ./src/iic_phyreset.o ./src/main.o  ./src/AD7303.d ./src/DMA.d ./src/DS3231M.d ./src/GPS_TimeStamp.d ./src/Histogram.d ./src/IIC_RW.d ./src/MAX5216PM.d ./src/TempPress.d ./src/echo.d ./src/iic_phyreset.d ./src/main.d  LAGO_wGPS.elf.size  LAGO_wGPS.elf
' '
14:25:55 **** Auto Build of configuration Debug for project LAGO_wGPS ****
make pre-build main-build 
a9-linaro-pre-build-step
' '
'Building file: ../src/AD7303.c'
'Invoking: ARM v7 gcc compiler'
arm-none-eabi-gcc -Wall -O0 -g3 -c -fmessage-length=0 -MT"src/AD7303.o" -mcpu=cortex-a9 -mfpu=vfpv3 -mfloat-abi=hard -I../../LAGO_wGPS_bsp/ps7_cortexa9_0/include -MMD -MP -MF"src/AD7303.d" -MT"src/AD7303.o" -o "src/AD7303.o" "../src/AD7303.c"
../src/AD7303.c: In function 'set_DAC_value':
../src/AD7303.c:15:5: warning: variable 'debug' set but not used [-Wunused-but-set-variable]
 u32 debug=0;
     ^~~~~
'Finished building: ../src/AD7303.c'
' '
'Building file: ../src/DMA.c'
'Invoking: ARM v7 gcc compiler'
arm-none-eabi-gcc -Wall -O0 -g3 -c -fmessage-length=0 -MT"src/DMA.o" -mcpu=cortex-a9 -mfpu=vfpv3 -mfloat-abi=hard -I../../LAGO_wGPS_bsp/ps7_cortexa9_0/include -MMD -MP -MF"src/DMA.d" -MT"src/DMA.o" -o "src/DMA.o" "../src/DMA.c"
../src/DMA.c: In function 'CheckData':
../src/DMA.c:125:6: warning: unused variable 'len' [-Wunused-variable]
  int len = 1024;
      ^~~
'Finished building: ../src/DMA.c'
' '
'Building file: ../src/DS3231M.c'
'Invoking: ARM v7 gcc compiler'
arm-none-eabi-gcc -Wall -O0 -g3 -c -fmessage-length=0 -MT"src/DS3231M.o" -mcpu=cortex-a9 -mfpu=vfpv3 -mfloat-abi=hard -I../../LAGO_wGPS_bsp/ps7_cortexa9_0/include -MMD -MP -MF"src/DS3231M.d" -MT"src/DS3231M.o" -o "src/DS3231M.o" "../src/DS3231M.c"
../src/DS3231M.c: In function 'DS3231M_set_reg':
../src/DS3231M.c:18:47: warning: passing argument 3 of 'xI2C_Write' from incompatible pointer type [-Wincompatible-pointer-types]
  int state=xI2C_Write(I2C_DeviceNr, SlaveAdr, &iic_dat, 2);
                                               ^
In file included from ../src/DS3231M.c:9:0:
../src/IIC_RW.h:22:5: note: expected 'unsigned char *' but argument is of type 'u8 (*)[2] {aka unsigned char (*)[2]}'
 int xI2C_Write (int I2cDevId, int SlaveAdr, unsigned char *p, int len);
     ^~~~~~~~~~
'Finished building: ../src/DS3231M.c'
' '
'Building file: ../src/GPS_TimeStamp.c'
'Invoking: ARM v7 gcc compiler'
arm-none-eabi-gcc -Wall -O0 -g3 -c -fmessage-length=0 -MT"src/GPS_TimeStamp.o" -mcpu=cortex-a9 -mfpu=vfpv3 -mfloat-abi=hard -I../../LAGO_wGPS_bsp/ps7_cortexa9_0/include -MMD -MP -MF"src/GPS_TimeStamp.d" -MT"src/GPS_TimeStamp.o" -o "src/GPS_TimeStamp.o" "../src/GPS_TimeStamp.c"
'Finished building: ../src/GPS_TimeStamp.c'
' '
'Building file: ../src/Histogram.c'
'Invoking: ARM v7 gcc compiler'
arm-none-eabi-gcc -Wall -O0 -g3 -c -fmessage-length=0 -MT"src/Histogram.o" -mcpu=cortex-a9 -mfpu=vfpv3 -mfloat-abi=hard -I../../LAGO_wGPS_bsp/ps7_cortexa9_0/include -MMD -MP -MF"src/Histogram.d" -MT"src/Histogram.o" -o "src/Histogram.o" "../src/Histogram.c"
'Finished building: ../src/Histogram.c'
' '
'Building file: ../src/IIC_RW.c'
'Invoking: ARM v7 gcc compiler'
arm-none-eabi-gcc -Wall -O0 -g3 -c -fmessage-length=0 -MT"src/IIC_RW.o" -mcpu=cortex-a9 -mfpu=vfpv3 -mfloat-abi=hard -I../../LAGO_wGPS_bsp/ps7_cortexa9_0/include -MMD -MP -MF"src/IIC_RW.d" -MT"src/IIC_RW.o" -o "src/IIC_RW.o" "../src/IIC_RW.c"
'Finished building: ../src/IIC_RW.c'
' '
'Building file: ../src/MAX5216PM.c'
'Invoking: ARM v7 gcc compiler'
arm-none-eabi-gcc -Wall -O0 -g3 -c -fmessage-length=0 -MT"src/MAX5216PM.o" -mcpu=cortex-a9 -mfpu=vfpv3 -mfloat-abi=hard -I../../LAGO_wGPS_bsp/ps7_cortexa9_0/include -MMD -MP -MF"src/MAX5216PM.d" -MT"src/MAX5216PM.o" -o "src/MAX5216PM.o" "../src/MAX5216PM.c"
'Finished building: ../src/MAX5216PM.c'
' '
'Building file: ../src/TempPress.c'
'Invoking: ARM v7 gcc compiler'
arm-none-eabi-gcc -Wall -O0 -g3 -c -fmessage-length=0 -MT"src/TempPress.o" -mcpu=cortex-a9 -mfpu=vfpv3 -mfloat-abi=hard -I../../LAGO_wGPS_bsp/ps7_cortexa9_0/include -MMD -MP -MF"src/TempPress.d" -MT"src/TempPress.o" -o "src/TempPress.o" "../src/TempPress.c"
../src/TempPress.c: In function 'ADT420_read':
../src/TempPress.c:18:57: warning: passing argument 5 of 'xI2C_WrRd' from incompatible pointer type [-Wincompatible-pointer-types]
        int state=xI2C_WrRd(I2cDevId, SlaveAdr ,&adr, 1, &data, 2);
                                                         ^
In file included from ../src/TempPress.h:11:0,
                 from ../src/TempPress.c:7:
../src/IIC_RW.h:21:5: note: expected 'unsigned char *' but argument is of type 'unsigned char (*)[2]'
 int xI2C_WrRd (int I2cDevId, int SlaveAdr, unsigned char *p, int len, unsigned char *pRd, int lenRd);
     ^~~~~~~~~
'Finished building: ../src/TempPress.c'
' '
'Building file: ../src/echo.c'
'Invoking: ARM v7 gcc compiler'
arm-none-eabi-gcc -Wall -O0 -g3 -c -fmessage-length=0 -MT"src/echo.o" -mcpu=cortex-a9 -mfpu=vfpv3 -mfloat-abi=hard -I../../LAGO_wGPS_bsp/ps7_cortexa9_0/include -MMD -MP -MF"src/echo.d" -MT"src/echo.o" -o "src/echo.o" "../src/echo.c"
../src/echo.c: In function 'process_echo_request':
../src/echo.c:136:5: warning: unused variable 'depth' [-Wunused-variable]
  u8 depth=0;
     ^~~~~
In file included from ../src/echo.c:37:0:
../src/echo.c: At top level:
../src/DMA.h:55:12: warning: 'CheckData' declared 'static' but never defined [-Wunused-function]
 static int CheckData(void);
            ^~~~~~~~~
'Finished building: ../src/echo.c'
' '
'Building file: ../src/iic_phyreset.c'
'Invoking: ARM v7 gcc compiler'
arm-none-eabi-gcc -Wall -O0 -g3 -c -fmessage-length=0 -MT"src/iic_phyreset.o" -mcpu=cortex-a9 -mfpu=vfpv3 -mfloat-abi=hard -I../../LAGO_wGPS_bsp/ps7_cortexa9_0/include -MMD -MP -MF"src/iic_phyreset.d" -MT"src/iic_phyreset.o" -o "src/iic_phyreset.o" "../src/iic_phyreset.c"
'Finished building: ../src/iic_phyreset.c'
' '
'Building file: ../src/main.c'
'Invoking: ARM v7 gcc compiler'
arm-none-eabi-gcc -Wall -O0 -g3 -c -fmessage-length=0 -MT"src/main.o" -mcpu=cortex-a9 -mfpu=vfpv3 -mfloat-abi=hard -I../../LAGO_wGPS_bsp/ps7_cortexa9_0/include -MMD -MP -MF"src/main.d" -MT"src/main.o" -o "src/main.o" "../src/main.c"
../src/main.c: In function 'main':
../src/main.c:196:59: warning: passing argument 5 of 'xI2C_WrRd' from incompatible pointer type [-Wincompatible-pointer-types]
    state=xI2C_WrRd (I2C_DeviceNr, MS5611_addr, &adr, 1,   &C, 2);
                                                           ^
In file included from ../src/main.c:48:0:
../src/IIC_RW.h:21:5: note: expected 'unsigned char *' but argument is of type 'unsigned char (*)[2]'
 int xI2C_WrRd (int I2cDevId, int SlaveAdr, unsigned char *p, int len, unsigned char *pRd, int lenRd);
     ^~~~~~~~~
../src/main.c:247:3: warning: implicit declaration of function 'dac_init'; did you mean 'udp_init'? [-Wimplicit-function-declaration]
   dac_init();
   ^~~~~~~~
   udp_init
../src/main.c:186:6: warning: unused variable 'iic_dat' [-Wunused-variable]
   u8 iic_dat[2];
      ^~~~~~~
'Finished building: ../src/main.c'
' '
'Building target: LAGO_wGPS.elf'
'Invoking: ARM v7 gcc linker'
arm-none-eabi-gcc -mcpu=cortex-a9 -mfpu=vfpv3 -mfloat-abi=hard -Wl,-build-id=none -specs=Xilinx.spec -Wl,-T -Wl,../src/lscript.ld -L../../LAGO_wGPS_bsp/ps7_cortexa9_0/lib -o "LAGO_wGPS.elf"  ./src/AD7303.o ./src/DMA.o ./src/DS3231M.o ./src/GPS_TimeStamp.o ./src/Histogram.o ./src/IIC_RW.o ./src/MAX5216PM.o ./src/TempPress.o ./src/echo.o ./src/iic_phyreset.o ./src/main.o   -lm -Wl,--start-group,-lxil,-lfreertos,-lgcc,-lc,--end-group -Wl,--start-group,-lxil,-llwip4,-lgcc,-lc,--end-group
'Finished building target: LAGO_wGPS.elf'
' '
'Invoking: ARM v7 Print Size'
arm-none-eabi-size LAGO_wGPS.elf  |tee "LAGO_wGPS.elf.size"
   text	   data	    bss	    dec	    hex	filename
 246780	   4324	17946912	18198016	115ae00	LAGO_wGPS.elf
'Finished building: LAGO_wGPS.elf.size'
' '
14:26:03 **** Clean-only build of configuration Debug for project LAGO_wGPS ****
make clean 
rm -rf  ./src/AD7303.o ./src/DMA.o ./src/DS3231M.o ./src/GPS_TimeStamp.o ./src/Histogram.o ./src/IIC_RW.o ./src/MAX5216PM.o ./src/TempPress.o ./src/echo.o ./src/iic_phyreset.o ./src/main.o  ./src/AD7303.d ./src/DMA.d ./src/DS3231M.d ./src/GPS_TimeStamp.d ./src/Histogram.d ./src/IIC_RW.d ./src/MAX5216PM.d ./src/TempPress.d ./src/echo.d ./src/iic_phyreset.d ./src/main.d  LAGO_wGPS.elf.size  LAGO_wGPS.elf
' '
14:26:03 **** Auto Build of configuration Debug for project LAGO_wGPS ****
make pre-build main-build 
a9-linaro-pre-build-step
' '
'Building file: ../src/AD7303.c'
'Invoking: ARM v7 gcc compiler'
arm-none-eabi-gcc -Wall -O0 -g3 -c -fmessage-length=0 -MT"src/AD7303.o" -mcpu=cortex-a9 -mfpu=vfpv3 -mfloat-abi=hard -I../../LAGO_wGPS_bsp/ps7_cortexa9_0/include -MMD -MP -MF"src/AD7303.d" -MT"src/AD7303.o" -o "src/AD7303.o" "../src/AD7303.c"
../src/AD7303.c: In function 'set_DAC_value':
../src/AD7303.c:15:5: warning: variable 'debug' set but not used [-Wunused-but-set-variable]
 u32 debug=0;
     ^~~~~
'Finished building: ../src/AD7303.c'
' '
'Building file: ../src/DMA.c'
'Invoking: ARM v7 gcc compiler'
arm-none-eabi-gcc -Wall -O0 -g3 -c -fmessage-length=0 -MT"src/DMA.o" -mcpu=cortex-a9 -mfpu=vfpv3 -mfloat-abi=hard -I../../LAGO_wGPS_bsp/ps7_cortexa9_0/include -MMD -MP -MF"src/DMA.d" -MT"src/DMA.o" -o "src/DMA.o" "../src/DMA.c"
../src/DMA.c: In function 'CheckData':
../src/DMA.c:125:6: warning: unused variable 'len' [-Wunused-variable]
  int len = 1024;
      ^~~
'Finished building: ../src/DMA.c'
' '
'Building file: ../src/DS3231M.c'
'Invoking: ARM v7 gcc compiler'
arm-none-eabi-gcc -Wall -O0 -g3 -c -fmessage-length=0 -MT"src/DS3231M.o" -mcpu=cortex-a9 -mfpu=vfpv3 -mfloat-abi=hard -I../../LAGO_wGPS_bsp/ps7_cortexa9_0/include -MMD -MP -MF"src/DS3231M.d" -MT"src/DS3231M.o" -o "src/DS3231M.o" "../src/DS3231M.c"
../src/DS3231M.c: In function 'DS3231M_set_reg':
../src/DS3231M.c:18:47: warning: passing argument 3 of 'xI2C_Write' from incompatible pointer type [-Wincompatible-pointer-types]
  int state=xI2C_Write(I2C_DeviceNr, SlaveAdr, &iic_dat, 2);
                                               ^
In file included from ../src/DS3231M.c:9:0:
../src/IIC_RW.h:22:5: note: expected 'unsigned char *' but argument is of type 'u8 (*)[2] {aka unsigned char (*)[2]}'
 int xI2C_Write (int I2cDevId, int SlaveAdr, unsigned char *p, int len);
     ^~~~~~~~~~
'Finished building: ../src/DS3231M.c'
' '
'Building file: ../src/GPS_TimeStamp.c'
'Invoking: ARM v7 gcc compiler'
arm-none-eabi-gcc -Wall -O0 -g3 -c -fmessage-length=0 -MT"src/GPS_TimeStamp.o" -mcpu=cortex-a9 -mfpu=vfpv3 -mfloat-abi=hard -I../../LAGO_wGPS_bsp/ps7_cortexa9_0/include -MMD -MP -MF"src/GPS_TimeStamp.d" -MT"src/GPS_TimeStamp.o" -o "src/GPS_TimeStamp.o" "../src/GPS_TimeStamp.c"
'Finished building: ../src/GPS_TimeStamp.c'
' '
'Building file: ../src/Histogram.c'
'Invoking: ARM v7 gcc compiler'
arm-none-eabi-gcc -Wall -O0 -g3 -c -fmessage-length=0 -MT"src/Histogram.o" -mcpu=cortex-a9 -mfpu=vfpv3 -mfloat-abi=hard -I../../LAGO_wGPS_bsp/ps7_cortexa9_0/include -MMD -MP -MF"src/Histogram.d" -MT"src/Histogram.o" -o "src/Histogram.o" "../src/Histogram.c"
'Finished building: ../src/Histogram.c'
' '
'Building file: ../src/IIC_RW.c'
'Invoking: ARM v7 gcc compiler'
arm-none-eabi-gcc -Wall -O0 -g3 -c -fmessage-length=0 -MT"src/IIC_RW.o" -mcpu=cortex-a9 -mfpu=vfpv3 -mfloat-abi=hard -I../../LAGO_wGPS_bsp/ps7_cortexa9_0/include -MMD -MP -MF"src/IIC_RW.d" -MT"src/IIC_RW.o" -o "src/IIC_RW.o" "../src/IIC_RW.c"
'Finished building: ../src/IIC_RW.c'
' '
'Building file: ../src/MAX5216PM.c'
'Invoking: ARM v7 gcc compiler'
arm-none-eabi-gcc -Wall -O0 -g3 -c -fmessage-length=0 -MT"src/MAX5216PM.o" -mcpu=cortex-a9 -mfpu=vfpv3 -mfloat-abi=hard -I../../LAGO_wGPS_bsp/ps7_cortexa9_0/include -MMD -MP -MF"src/MAX5216PM.d" -MT"src/MAX5216PM.o" -o "src/MAX5216PM.o" "../src/MAX5216PM.c"
'Finished building: ../src/MAX5216PM.c'
' '
'Building file: ../src/TempPress.c'
'Invoking: ARM v7 gcc compiler'
arm-none-eabi-gcc -Wall -O0 -g3 -c -fmessage-length=0 -MT"src/TempPress.o" -mcpu=cortex-a9 -mfpu=vfpv3 -mfloat-abi=hard -I../../LAGO_wGPS_bsp/ps7_cortexa9_0/include -MMD -MP -MF"src/TempPress.d" -MT"src/TempPress.o" -o "src/TempPress.o" "../src/TempPress.c"
../src/TempPress.c: In function 'ADT420_read':
../src/TempPress.c:18:57: warning: passing argument 5 of 'xI2C_WrRd' from incompatible pointer type [-Wincompatible-pointer-types]
        int state=xI2C_WrRd(I2cDevId, SlaveAdr ,&adr, 1, &data, 2);
                                                         ^
In file included from ../src/TempPress.h:11:0,
                 from ../src/TempPress.c:7:
../src/IIC_RW.h:21:5: note: expected 'unsigned char *' but argument is of type 'unsigned char (*)[2]'
 int xI2C_WrRd (int I2cDevId, int SlaveAdr, unsigned char *p, int len, unsigned char *pRd, int lenRd);
     ^~~~~~~~~
'Finished building: ../src/TempPress.c'
' '
'Building file: ../src/echo.c'
'Invoking: ARM v7 gcc compiler'
arm-none-eabi-gcc -Wall -O0 -g3 -c -fmessage-length=0 -MT"src/echo.o" -mcpu=cortex-a9 -mfpu=vfpv3 -mfloat-abi=hard -I../../LAGO_wGPS_bsp/ps7_cortexa9_0/include -MMD -MP -MF"src/echo.d" -MT"src/echo.o" -o "src/echo.o" "../src/echo.c"
../src/echo.c: In function 'process_echo_request':
../src/echo.c:136:5: warning: unused variable 'depth' [-Wunused-variable]
  u8 depth=0;
     ^~~~~
In file included from ../src/echo.c:37:0:
../src/echo.c: At top level:
../src/DMA.h:55:12: warning: 'CheckData' declared 'static' but never defined [-Wunused-function]
 static int CheckData(void);
            ^~~~~~~~~
'Finished building: ../src/echo.c'
' '
'Building file: ../src/iic_phyreset.c'
'Invoking: ARM v7 gcc compiler'
arm-none-eabi-gcc -Wall -O0 -g3 -c -fmessage-length=0 -MT"src/iic_phyreset.o" -mcpu=cortex-a9 -mfpu=vfpv3 -mfloat-abi=hard -I../../LAGO_wGPS_bsp/ps7_cortexa9_0/include -MMD -MP -MF"src/iic_phyreset.d" -MT"src/iic_phyreset.o" -o "src/iic_phyreset.o" "../src/iic_phyreset.c"
'Finished building: ../src/iic_phyreset.c'
' '
'Building file: ../src/main.c'
'Invoking: ARM v7 gcc compiler'
arm-none-eabi-gcc -Wall -O0 -g3 -c -fmessage-length=0 -MT"src/main.o" -mcpu=cortex-a9 -mfpu=vfpv3 -mfloat-abi=hard -I../../LAGO_wGPS_bsp/ps7_cortexa9_0/include -MMD -MP -MF"src/main.d" -MT"src/main.o" -o "src/main.o" "../src/main.c"
../src/main.c: In function 'main':
../src/main.c:196:59: warning: passing argument 5 of 'xI2C_WrRd' from incompatible pointer type [-Wincompatible-pointer-types]
    state=xI2C_WrRd (I2C_DeviceNr, MS5611_addr, &adr, 1,   &C, 2);
                                                           ^
In file included from ../src/main.c:48:0:
../src/IIC_RW.h:21:5: note: expected 'unsigned char *' but argument is of type 'unsigned char (*)[2]'
 int xI2C_WrRd (int I2cDevId, int SlaveAdr, unsigned char *p, int len, unsigned char *pRd, int lenRd);
     ^~~~~~~~~
../src/main.c:247:3: warning: implicit declaration of function 'dac_init'; did you mean 'udp_init'? [-Wimplicit-function-declaration]
   dac_init();
   ^~~~~~~~
   udp_init
../src/main.c:186:6: warning: unused variable 'iic_dat' [-Wunused-variable]
   u8 iic_dat[2];
      ^~~~~~~
'Finished building: ../src/main.c'
' '
'Building target: LAGO_wGPS.elf'
'Invoking: ARM v7 gcc linker'
arm-none-eabi-gcc -mcpu=cortex-a9 -mfpu=vfpv3 -mfloat-abi=hard -Wl,-build-id=none -specs=Xilinx.spec -Wl,-T -Wl,../src/lscript.ld -L../../LAGO_wGPS_bsp/ps7_cortexa9_0/lib -o "LAGO_wGPS.elf"  ./src/AD7303.o ./src/DMA.o ./src/DS3231M.o ./src/GPS_TimeStamp.o ./src/Histogram.o ./src/IIC_RW.o ./src/MAX5216PM.o ./src/TempPress.o ./src/echo.o ./src/iic_phyreset.o ./src/main.o   -lm -Wl,--start-group,-lxil,-lfreertos,-lgcc,-lc,--end-group -Wl,--start-group,-lxil,-llwip4,-lgcc,-lc,--end-group
'Finished building target: LAGO_wGPS.elf'
' '
'Invoking: ARM v7 Print Size'
arm-none-eabi-size LAGO_wGPS.elf  |tee "LAGO_wGPS.elf.size"
   text	   data	    bss	    dec	    hex	filename
 246780	   4324	17946912	18198016	115ae00	LAGO_wGPS.elf
'Finished building: LAGO_wGPS.elf.size'
' '
